# serializer version: 1
# name: TestAC1Snapshot.test_ac1_render_snapshot
  '''
  ╭─────────────── steps ────────────────╮╭───────────────────────────────── fetch_data ─────────────────────────────────╮
  │ test-run-001                         ││ Fetching remote API…                                                         │
  │ ├── ✓ fetch_data                     ││                                                                              │
  │ │   [2026-04-14T00:00:04]            ││                                                                              │
  │ └── ⏳ process                       ││                                                                              │
  │     [2026-04-14T00:00:03]            ││                                                                              │
  │                                      ││                                                                              │
  │                                      ││                                                                              │
  │                                      ││                                                                              │
  │                                      ││                                                                              │
  │                                      ││                                                                              │
  │                                      ││                                                                              │
  │                                      ││                                                                              │
  │                                      ││                                                                              │
  │                                      ││                                                                              │
  │                                      ││                                                                              │
  │                                      ││                                                                              │
  │                                      ││                                                                              │
  │                                      ││                                                                              │
  │                                      ││                                                                              │
  │                                      ││                                                                              │
  │                                      ││                                                                              │
  │                                      ││                                                                              │
  │                                      ││                                                                              │
  │                                      ││                                                                              │
  │                                      ││                                                                              │
  │                                      ││                                                                              │
  │                                      ││                                                                              │
  │                                      ││                                                                              │
  ╰──────────────────────────────────────╯╰──────────────────────────────────────────────────────────────────────────────╯
  
  '''
# ---
